$ git status
On branch master
Your branch is up to date with 'test/master'.

Untracked files:
  (use "git add <file>..." to include in what will be committed)

        two lesson/

nothing added to commit but untracked files present (use "git add" to track)

Home@DESKTOP-CPDKD18 MINGW64 /f/jscript (master)
$ git add -A

Home@DESKTOP-CPDKD18 MINGW64 /f/jscript (master)
$ git commit -a -m "Наш третий коммит"
[master 47d704e] Наш третий коммит
 1 file changed, 0 insertions(+), 0 deletions(-)
 create mode 100644 two lesson/1234.txt

Home@DESKTOP-CPDKD18 MINGW64 /f/jscript (master)
$ git pu
pull   push

Home@DESKTOP-CPDKD18 MINGW64 /f/jscript (master)
$ git push test
Enumerating objects: 5, done.
Counting objects: 100% (5/5), done.
Delta compression using up to 8 threads
Compressing objects: 100% (2/2), done.
Writing objects: 100% (4/4), 343 bytes | 171.00 KiB/s, done.
Total 4 (delta 1), reused 0 (delta 0)
remote: Resolving deltas: 100% (1/1), completed with 1 local object.
To https://github.com/AlexseyTyurin/test.git
   b7034e1..47d704e  master -> master
